[2026-06-21 21:15:31] Loading consolidated checkpoint: hailstone_distributed.chk
[2026-06-21 21:15:31] Loaded peak state successfully. Resuming from starting number: 30534629187
[2026-06-21 21:15:31] Registered worker: localhost:5429
[2026-06-21 21:15:31] Central controller running on http://localhost:8080
[2026-06-21 21:15:57] === Starting Distributed Search: [30534629187, 1099511627776] via best_cpu ===
[2026-06-21 21:15:57] Starting initial range-specific benchmarking for worker localhost:5429...
[2026-06-21 21:15:57] Benchmarking localhost:5429 range [30534629187, 30618479186] config: cpu_nosteps with cutoff 20 (target 5s)...
[2026-06-21 21:15:57] Benchmark config cpu_nosteps/20 on localhost:5429 throughput: 39.16 M/s
[2026-06-21 21:15:57] Benchmarking localhost:5429 range [30534629187, 30618479186] config: cpu_nosteps with cutoff 24 (target 5s)...
[2026-06-21 21:15:57] Benchmark config cpu_nosteps/24 on localhost:5429 throughput: 49.17 M/s
[2026-06-21 21:15:57] Benchmarking localhost:5429 range [30534629187, 30618979186] config: cpu_domain_nosteps with cutoff 20 (target 5s)...
[2026-06-21 21:15:58] Benchmark config cpu_domain_nosteps/20 on localhost:5429 throughput: 44.55 M/s
[2026-06-21 21:15:58] Benchmarking localhost:5429 range [30534629187, 30618979186] config: cpu_domain_nosteps with cutoff 24 (target 5s)...
[2026-06-21 21:15:58] Benchmark config cpu_domain_nosteps/24 on localhost:5429 throughput: 317.69 M/s
[2026-06-21 21:15:58] [Tuned] Worker localhost:5429 auto-tuned to: cpu_domain_nosteps with cutoff 24 (throughput: 317.69 M/s)
[2026-06-21 21:15:58] Dispatching range [30534629187, 49596029186] to localhost:5429 (using backend: cpu_domain_nosteps, cutoff: 24, expected run: 60.0s, timeout: 180.0s)...
[2026-06-21 21:15:58] [Success] Job job_1782094558_30534629187 completed on localhost:5429 in 0.28s (actual controller time: 0.30s).
[2026-06-21 21:15:58] Dispatching range [49596029187, 1099511627776] to localhost:5429 (using backend: cpu_domain_nosteps, cutoff: 24, expected run: 30.2s, timeout: 105.4s)...
[2026-06-21 21:16:04] [Success] Job job_1782094558_49596029187 completed on localhost:5429 in 5.41s (actual controller time: 5.44s).
[2026-06-21 21:16:04] === Distributed Search Completed successfully! ===

[2026-06-21 21:16:28] Stopping controller server...
[2026-06-21 21:16:36] Loading consolidated checkpoint: hailstone_distributed.chk
[2026-06-21 21:16:36] Loaded peak state successfully. Resuming from starting number: 1099511627777
[2026-06-21 21:16:36] Registered worker: localhost:5429
[2026-06-21 21:16:36] Central controller running on http://localhost:8080
[2026-06-21 21:16:57] === Starting Distributed Search: [1099511627777, 281474976710656] via best_cpu ===
[2026-06-21 21:16:57] Starting initial range-specific benchmarking for worker localhost:5429...
[2026-06-21 21:16:57] Benchmarking localhost:5429 range [1099511627777, 1099595477776] config: cpu_nosteps with cutoff 20 (target 5s)...
[2026-06-21 21:16:58] Benchmark config cpu_nosteps/20 on localhost:5429 throughput: 38.27 M/s
[2026-06-21 21:16:58] Benchmarking localhost:5429 range [1099511627777, 1099595477776] config: cpu_nosteps with cutoff 24 (target 5s)...
[2026-06-21 21:16:58] Benchmark config cpu_nosteps/24 on localhost:5429 throughput: 48.75 M/s
[2026-06-21 21:16:58] Benchmarking localhost:5429 range [1099511627777, 1099595977776] config: cpu_domain_nosteps with cutoff 20 (target 5s)...
[2026-06-21 21:16:58] Benchmark config cpu_domain_nosteps/20 on localhost:5429 throughput: 44.95 M/s
[2026-06-21 21:16:58] Benchmarking localhost:5429 range [1099511627777, 1099595977776] config: cpu_domain_nosteps with cutoff 24 (target 5s)...
[2026-06-21 21:16:58] Benchmark config cpu_domain_nosteps/24 on localhost:5429 throughput: 327.38 M/s
[2026-06-21 21:16:58] [Tuned] Worker localhost:5429 auto-tuned to: cpu_domain_nosteps with cutoff 24 (throughput: 327.38 M/s)
[2026-06-21 21:16:58] Dispatching range [1099511627777, 1119154427776] to localhost:5429 (using backend: cpu_domain_nosteps, cutoff: 24, expected run: 60.0s, timeout: 180.0s)...
[2026-06-21 21:16:59] [Success] Job job_1782094618_1099511627777 completed on localhost:5429 in 0.25s (actual controller time: 0.28s).
[2026-06-21 21:16:59] Dispatching range [1119154427777, 3487999046350] to localhost:5429 (using backend: cpu_domain_nosteps, cutoff: 24, expected run: 60.0s, timeout: 180.0s)...
[2026-06-21 21:17:10] [Success] Job job_1782094619_1119154427777 completed on localhost:5429 in 10.61s (actual controller time: 10.64s).
[2026-06-21 21:17:10] Dispatching range [3487999046351, 9533207862565] to localhost:5429 (using backend: cpu_domain_nosteps, cutoff: 24, expected run: 60.0s, timeout: 180.0s)...
[2026-06-21 21:17:37] [Success] Job job_1782094630_3487999046351 completed on localhost:5429 in 27.24s (actual controller time: 27.27s).
[2026-06-21 21:17:37] Dispatching range [9533207862566, 17395766219780] to localhost:5429 (using backend: cpu_domain_nosteps, cutoff: 24, expected run: 60.0s, timeout: 180.0s)...
[2026-06-21 21:18:10] [Success] Job job_1782094657_9533207862566 completed on localhost:5429 in 32.32s (actual controller time: 32.35s).
[2026-06-21 21:18:10] Dispatching range [17395766219781, 26605124784961] to localhost:5429 (using backend: cpu_domain_nosteps, cutoff: 24, expected run: 60.0s, timeout: 180.0s)...
[2026-06-21 21:18:47] [Success] Job job_1782094690_17395766219781 completed on localhost:5429 in 37.09s (actual controller time: 37.12s).
[2026-06-21 21:18:48] Dispatching range [26605124784962, 38789877164982] to localhost:5429 (using backend: cpu_domain_nosteps, cutoff: 24, expected run: 60.0s, timeout: 180.0s)...
[2026-06-21 21:19:36] [Success] Job job_1782094728_26605124784962 completed on localhost:5429 in 48.62s (actual controller time: 48.66s).
[2026-06-21 21:19:37] Dispatching range [38789877164983, 53038091369201] to localhost:5429 (using backend: cpu_domain_nosteps, cutoff: 24, expected run: 60.0s, timeout: 180.0s)...
[2026-06-21 21:20:35] [Success] Job job_1782094777_38789877164983 completed on localhost:5429 in 58.86s (actual controller time: 58.89s).
[2026-06-21 21:20:36] Dispatching range [53038091369202, 67511730507866] to localhost:5429 (using backend: cpu_domain_nosteps, cutoff: 24, expected run: 60.0s, timeout: 180.0s)...
[2026-06-21 21:21:34] [Success] Job job_1782094836_53038091369202 completed on localhost:5429 in 58.67s (actual controller time: 58.70s).
[2026-06-21 21:21:35] Dispatching range [67511730507867, 82282898064083] to localhost:5429 (using backend: cpu_domain_nosteps, cutoff: 24, expected run: 60.0s, timeout: 180.0s)...
[2026-06-21 21:22:33] [Success] Job job_1782094895_67511730507867 completed on localhost:5429 in 58.72s (actual controller time: 58.75s).
[2026-06-21 21:22:34] Dispatching range [82282898064084, 97153251060058] to localhost:5429 (using backend: cpu_domain_nosteps, cutoff: 24, expected run: 60.0s, timeout: 180.0s)...
[2026-06-21 21:23:34] [Success] Job job_1782094954_82282898064084 completed on localhost:5429 in 59.90s (actual controller time: 59.93s).
[2026-06-21 21:23:34] Dispatching range [97153251060059, 112023123391862] to localhost:5429 (using backend: cpu_domain_nosteps, cutoff: 24, expected run: 60.0s, timeout: 180.0s)...
[2026-06-21 21:24:36] [Success] Job job_1782095014_97153251060059 completed on localhost:5429 in 61.88s (actual controller time: 61.91s).
[2026-06-21 21:24:36] Dispatching range [112023123391863, 126769391847651] to localhost:5429 (using backend: cpu_domain_nosteps, cutoff: 24, expected run: 60.0s, timeout: 180.0s)...
[2026-06-21 21:25:37] [Success] Job job_1782095076_112023123391863 completed on localhost:5429 in 61.19s (actual controller time: 61.22s).
[2026-06-21 21:25:37] Dispatching range [126769391847652, 141502611813261] to localhost:5429 (using backend: cpu_domain_nosteps, cutoff: 24, expected run: 60.0s, timeout: 180.0s)...
[2026-06-21 21:26:38] [Success] Job job_1782095137_126769391847652 completed on localhost:5429 in 61.01s (actual controller time: 61.04s).
[2026-06-21 21:26:39] Dispatching range [141502611813262, 156173088524130] to localhost:5429 (using backend: cpu_domain_nosteps, cutoff: 24, expected run: 60.0s, timeout: 180.0s)...
[2026-06-21 21:27:40] [Success] Job job_1782095199_141502611813262 completed on localhost:5429 in 60.96s (actual controller time: 60.99s).
[2026-06-21 21:27:40] Dispatching range [156173088524131, 170713103897490] to localhost:5429 (using backend: cpu_domain_nosteps, cutoff: 24, expected run: 60.0s, timeout: 180.0s)...
[2026-06-21 21:28:40] [Success] Job job_1782095260_156173088524131 completed on localhost:5429 in 60.19s (actual controller time: 60.22s).
[2026-06-21 21:28:40] Dispatching range [170713103897491, 185173221435244] to localhost:5429 (using backend: cpu_domain_nosteps, cutoff: 24, expected run: 60.0s, timeout: 180.0s)...
[2026-06-21 21:29:40] [Success] Job job_1782095320_170713103897491 completed on localhost:5429 in 60.05s (actual controller time: 60.08s).
[2026-06-21 21:29:41] Dispatching range [185173221435245, 199639275518840] to localhost:5429 (using backend: cpu_domain_nosteps, cutoff: 24, expected run: 60.0s, timeout: 180.0s)...
[2026-06-21 21:30:41] [Success] Job job_1782095381_185173221435245 completed on localhost:5429 in 60.65s (actual controller time: 60.68s).
[2026-06-21 21:30:42] Dispatching range [199639275518841, 214075564607598] to localhost:5429 (using backend: cpu_domain_nosteps, cutoff: 24, expected run: 60.0s, timeout: 180.0s)...
[2026-06-21 21:31:43] [Success] Job job_1782095442_199639275518841 completed on localhost:5429 in 60.75s (actual controller time: 60.78s).
[2026-06-21 21:31:43] Dispatching range [214075564607599, 228465651838808] to localhost:5429 (using backend: cpu_domain_nosteps, cutoff: 24, expected run: 60.0s, timeout: 180.0s)...
[2026-06-21 21:32:42] [Success] Job job_1782095503_214075564607599 completed on localhost:5429 in 59.65s (actual controller time: 59.68s).
[2026-06-21 21:32:43] Dispatching range [228465651838809, 242862767639700] to localhost:5429 (using backend: cpu_domain_nosteps, cutoff: 24, expected run: 60.0s, timeout: 180.0s)...
[2026-06-21 21:33:43] [Success] Job job_1782095563_228465651838809 completed on localhost:5429 in 60.01s (actual controller time: 60.04s).
[2026-06-21 21:33:43] Dispatching range [242862767639701, 257239729391946] to localhost:5429 (using backend: cpu_domain_nosteps, cutoff: 24, expected run: 60.0s, timeout: 180.0s)...
[2026-06-21 21:34:41] [Success] Job job_1782095623_242862767639701 completed on localhost:5429 in 57.35s (actual controller time: 57.38s).
[2026-06-21 21:34:41] Dispatching range [257239729391947, 271735575871892] to localhost:5429 (using backend: cpu_domain_nosteps, cutoff: 24, expected run: 60.0s, timeout: 180.0s)...
[2026-06-21 21:35:39] [Success] Job job_1782095681_257239729391947 completed on localhost:5429 in 57.81s (actual controller time: 57.84s).
[2026-06-21 21:35:39] Dispatching range [271735575871893, 281474976710656] to localhost:5429 (using backend: cpu_domain_nosteps, cutoff: 24, expected run: 39.9s, timeout: 129.8s)...
[2026-06-21 21:36:07] Stopping distributed search on request...
[2026-06-21 21:36:07] Cancelling job job_1782095739_271735575871893 on localhost:5429...

[2026-06-21 21:36:15] Stopping controller server...
